../Core/Src/main.c:68:6:Set_Servo_Angle	24	static
../Core/Src/main.c:75:6:Motor_Init	8	static
../Core/Src/main.c:84:6:Motor_MoveForward	8	static
../Core/Src/main.c:92:6:Motor_MoveBackward	8	static
../Core/Src/main.c:100:6:Motor_Stop	8	static
../Core/Src/main.c:113:6:HC_SR04_Init	4	static
../Core/Src/main.c:121:10:HC_SR04_ReadDistance	4	static
../Core/Src/main.c:143:5:main	16	static
../Core/Src/main.c:230:6:SystemClock_Config	96	static
../Core/Src/main.c:280:13:MX_TIM2_Init	64	static
../Core/Src/main.c:339:13:MX_GPIO_Init	48	static
../Core/Src/main.c:392:6:Error_Handler	4	static,ignoring_inline_asm
